// Jest Snapshot v1, https://goo.gl/fbAQLP

exports[`<ChannelDisplay/> should render without throwing exception 1`] = `
<ContextProvider
  value={
    Object {
      "store": Object {
        "clearActions": [Function],
        "dispatch": [Function],
        "getActions": [Function],
        "getState": [Function],
        "replaceReducer": [Function],
        "subscribe": [Function],
      },
      "subscription": Subscription {
        "handleChangeWrapper": [Function],
        "listeners": Object {
          "clear": [Function],
          "get": [Function],
          "notify": [Function],
          "subscribe": [Function],
        },
        "onStateChange": [Function],
        "parentSub": undefined,
        "store": Object {
          "clearActions": [Function],
          "dispatch": [Function],
          "getActions": [Function],
          "getState": [Function],
          "replaceReducer": [Function],
          "subscribe": [Function],
        },
        "unsubscribe": [Function],
      },
    }
  }
>
  <ChannelDisplay
    channel={
      Object {
        "hasUnreadHighlight": false,
        "hasUnreadMessages": false,
        "log": Array [],
        "name": "#test-channel",
        "users": Array [],
      }
    }
    onCommand={[Function]}
    onCommandError={[Function]}
    onToggleChannelList={[Function]}
    onToggleUserList={[Function]}
  />
</ContextProvider>
`;
